Solicita al daemon que recargue las doctrinas. Útil cuando el
file-watcher no está saludable o cuando el operador necesita confirmación
síncrona post-edición.

Sin --path: recarga todas las doctrinas vigiladas.
Con --path <ruta>: recarga solo el archivo indicado.

Devuelve error si la recarga es rechazada (p.ej. tighten violation,
parse failure).

Usage:
  zen doctrine-v2 reload [flags]

Flags:
  -h, --help          help for reload
      --path string   Recargar solo este archivo (default: todas las doctrinas)

Global Flags:
      --filter string   Namespace-specific post-fetch filter
      --format string   Output format: table | json | yaml (default "table")
      --json            Equivalent to --format=json
      --limit int       Cap result rows (default 100)
      --quiet           Suppress headers and decorative output
      --since string    Time-bound filter (24h, 7d, 2025-01-01)
      --uds string      Daemon UDS path (default "/tmp/zen-swarm.sock")
      --verbose         Print debug info (URLs, latencies)
