Acepta una propuesta de enmienda pendiente. El daemon ejecuta el flujo
Plan 5 Applier.ApplyWithValidation que (1) valida con ValidateTighten
para garantizar que el cambio respeta inv-zen-136 (overrides solo
pueden tensar nunca relajar); (2) escribe la mutación al TOML de
doctrina; (3) hace commit Git atómico; (4) recarga la doctrina vía
atomic-swap (Phase G); (5) emite DoctrineAmendmentApplied en el
eventlog Plan 5.

Si el validador rechaza (HTTP 409 + cuerpo *TightenViolation), la
propuesta queda como "proposed" y el operador puede editar el override
subyacente o denegar la propuesta con 'zen doctrine deny ADR-NNNN
--reason ...'.

Usage:
  doctrine ack <adr_id> [flags]

Examples:
  # Aceptar sin comentario
  zen doctrine ack ADR-0050

  # Aceptar con justificación (visible en eventlog para auditoría)
  zen doctrine ack ADR-0050 --reason "telemetría confirma reducción de falsos positivos"

Flags:
  -h, --help            help for ack
      --reason string   Razón opcional (queda en eventlog para auditoría)

Global Flags:
      --filter string   Namespace-specific post-fetch filter
      --format string   Output format: table | json | yaml (default "table")
      --json            Equivalent to --format=json
      --limit int       Cap result rows (default 100)
      --quiet           Suppress headers and decorative output
      --since string    Time-bound filter (24h, 7d, 2025-01-01)
      --verbose         Print debug info (URLs, latencies)
