Compara dos doctrinas y muestra cada campo divergente con su valor
en cada una. El daemon realiza el diff canónico para mantener paridad
con consumidores de la API HTTP.

Usage:
  doctrine diff <nombre1> <nombre2> [flags]

Flags:
  -h, --help             help for diff
      --section string   Limita el diff a una sub-sección (dot-path)

Global Flags:
      --filter string   Namespace-specific post-fetch filter
      --format string   Output format: table | json | yaml (default "table")
      --json            Equivalent to --format=json
      --limit int       Cap result rows (default 100)
      --quiet           Suppress headers and decorative output
      --since string    Time-bound filter (24h, 7d, 2025-01-01)
      --verbose         Print debug info (URLs, latencies)
