Muestra los eventos de doctrina (cargas, recargas, enmiendas,
reversiones autónomas) con filtros por ventana temporal (--since 24h),
categoría (--filter category:cost|merge|recovery), o tipo
(--filter loaded|reloaded|amended|reverted).

Los eventos vienen del eventlog de Plan 5 (audit_events_raw); ver §2.4
del spec para la taxonomía completa de los 17 tipos nuevos.

Usage:
  doctrine history [flags]

Flags:
  -h, --help   help for history

Global Flags:
      --filter string   Namespace-specific post-fetch filter
      --format string   Output format: table | json | yaml (default "table")
      --json            Equivalent to --format=json
      --limit int       Cap result rows (default 100)
      --quiet           Suppress headers and decorative output
      --since string    Time-bound filter (24h, 7d, 2025-01-01)
      --verbose         Print debug info (URLs, latencies)
