Imprime el contenido completo (o una sub-sección via --section)
de la doctrina nombrada. El daemon es la fuente de verdad — el formato
es elegido server-side via --doctrine-format para mantener paridad con la API.

Usage:
  doctrine show <nombre> [flags]

Flags:
      --doctrine-format string   Formato del cuerpo de la doctrina: toml|json|md (default "toml")
  -h, --help                     help for show
      --section string           Sub-sección (dot-path) a mostrar (p.ej. merge.weights)

Global Flags:
      --filter string   Namespace-specific post-fetch filter
      --format string   Output format: table | json | yaml (default "table")
      --json            Equivalent to --format=json
      --limit int       Cap result rows (default 100)
      --quiet           Suppress headers and decorative output
      --since string    Time-bound filter (24h, 7d, 2025-01-01)
      --verbose         Print debug info (URLs, latencies)
