Imprime el bloque de refuerzo que un worker recibiría dado un
task_kind y opcionalmente: --project, --stage, --phase, --plan-id.

El renderizado pasa por el daemon (no localmente) para garantizar paridad
con lo que reciben los workers reales — la resolución de doctrina activa
per-project ocurre server-side.

Variables disponibles en plantillas (per spec §1 Q12):
  DoctrineName, ProjectAlias, ProjectID, CurrentStage, CurrentPhase,
  TaskKind (orchestrator|team_lead|worker|reviewer_*), TaskComplexityTier,
  PlanID, TransverseAxioms.

task_kind values: orchestrator, team_lead, worker, reviewer_tactical,
reviewer_strategic, reviewer_architectural.

Usage:
  zen doctrine-v2 reinforce <task-kind> [flags]

Flags:
  -h, --help             help for reinforce
      --phase string     Phase actual (variable de plantilla)
      --plan-id string   Plan ID actual (variable de plantilla)
      --project string   Alias del proyecto (resuelve doctrina activa per-project)
      --stage string     Stage actual (variable de plantilla)

Global Flags:
      --filter string   Namespace-specific post-fetch filter
      --format string   Output format: table | json | yaml (default "table")
      --json            Equivalent to --format=json
      --limit int       Cap result rows (default 100)
      --quiet           Suppress headers and decorative output
      --since string    Time-bound filter (24h, 7d, 2025-01-01)
      --uds string      Daemon UDS path (default "/tmp/zen-swarm.sock")
      --verbose         Print debug info (URLs, latencies)
