Revierte una enmienda en estado 'accepted'. El daemon ejecuta el
flujo Plan 5 Reverter.Revert que (1) hace git revert atómico de la
mutación al TOML; (2) hace rollback del snapshot doctrine.Active()
vía la atomic-swap de Phase G; (3) emite DoctrineAmendmentReverted en
el eventlog Plan 5 (NB: telemetry-driven autonomous reverts emiten
DoctrineAutonomousReverted; mecánica de Phase H AutoRevert).

Solo enmiendas en estado 'accepted' son revertibles (inv-zen-141):
intentar revertir una propuesta 'rejected' o ya 'reverted' devuelve
HTTP 409 con un mensaje claro.

--reason es opcional: si se proporciona, queda registrado en el payload
del evento DoctrineAmendmentReverted; si se omite, el evento aún se
emite con reason vacío. Para reverts vinculados a fire-drill (donde
el contexto del audit trail ya es claro), --reason puede omitirse.

Usage:
  doctrine revert <adr_id> [flags]

Examples:
  # Revert sin razón (audit trail tiene contexto suficiente)
  zen doctrine revert ADR-0050

  # Revert con justificación (recomendado para no-emergency reverts)
  zen doctrine revert ADR-0050 --reason "regresión confirmada en métricas cost-degradation tras 24h"

Flags:
  -h, --help            help for revert
      --reason string   Razón opcional del revert (queda en eventlog DoctrineAmendmentReverted)

Global Flags:
      --filter string   Namespace-specific post-fetch filter
      --format string   Output format: table | json | yaml (default "table")
      --json            Equivalent to --format=json
      --limit int       Cap result rows (default 100)
      --quiet           Suppress headers and decorative output
      --since string    Time-bound filter (24h, 7d, 2025-01-01)
      --verbose         Print debug info (URLs, latencies)
